---
source: burrow/src/daemon/response.rs
expression: "serde_json::to_string(&DaemonResponse::new(Ok::<DaemonResponseData,\n                        String>(DaemonResponseData::ServerInfo(ServerInfo {\n                            name: Some(\"burrow\".to_string()),\n                            ip: None,\n                            mtu: Some(1500),\n                        }))))?"
---
{"result":{"Ok":{"ServerInfo":{"name":"burrow","ip":null,"mtu":1500}}},"id":0}
