---
source: burrow/src/daemon/response.rs
expression: "serde_json::to_string(&DaemonResponse::new(Ok::<DaemonResponseData,\n                        String>(DaemonResponseData::ServerConfig(ServerConfig::default()))))?"
---
{"result":{"Ok":{"ServerConfig":{"address":"10.0.0.1","name":null,"mtu":null}}},"id":0}
